   WWWWWWWWWWWWWWWWWWWWWWWWWWWWWWWWWW
  W----------W----s----------------s-W
  W-p--------W--WWWWWWW-WWWWWW-WWWW-WW
  W----------W--W-----W-W----W-W-s---W
  W----------W--W-----W-W----W-W---s--W
 W---------s-W--W-----W-W----W-WWWWW--W
 W---s-------W--W--WWWW-W----W---s-W--W
 W--------------W--W-s--W----WWWWW-W-s-W
 WWWWWfWWWWWWW-WW--W-WWWWW-------W-W---W
 W-P---------W-----W-----WWWWWWWWW-WWWWW
 W-----------W--s--WWWWW-W-------------W
  W----s-----W---------W-W-------------W
  W-----------WWW-WWWWWW-WWW----s---s--W
  W---s----s---W--W---------WWWW-------W
  W-----------W--W--s-----------WWWWW--W
 W--WWWWWWWWWW--W----WWWWWW---------W--W
 W-------s--W--W-s--W----s-W-----s--W-sW
 W--s------W---W---W--WWW---W-----WWW--W
 W-------s--W-s-WWW---W--W--W----W-----W
 Ws----------WW-----WW----W-W---W----s-W
 W-----W--W----WWWWW---WWW--W----W-----W
 W-s----W--W----------W--s-WW-----W----W
 W------W--W------WWWW--WWWW-W--s-W---WW
 W-----W--W------W-----W---W-W----W--W-W
 W------W--W----W--WWWW---W--W---W---W-W
  W------W--W--W--W-------W--W---W--W--W
  W---s---W-W-W--W----P---W--W---W--W-sW
   W------W--WW--W------WWW--W---W--W--W
   W-------W---s-W-----W--s-W----Ws-W--W
   W--s-----WWWWW-----W--WWW----W--W--W
   W------------W----W--W---s--W--W--sW
    W-----------f----f--W-s--WW--W----W
    W-----------W-----W--WfWW---f--s--W
     W----------W-----W--------sW----W
      WWWWWWWWWWWWWWWWWWWWWWWWWWWWWWW